\BOOKMARK [0][-]{chapter*.2}{\376\377\000R\000E\000S\000U\000M\000E\000N}{}% 1
\BOOKMARK [0][-]{chapter*.3}{\376\377\000\315\000N\000D\000I\000C\000E\000\040\000P\000R\000O\000P\000U\000E\000S\000T\000O\000\040\000P\000A\000R\000A\000\040\000E\000L\000\040\000D\000E\000S\000A\000R\000R\000O\000L\000L\000O\000\040\000D\000E\000\040\000L\000A\000\040\000T\000E\000S\000I\000S}{}% 2
\BOOKMARK [0][-]{chapter.1}{\376\377\000P\000A\000R\000T\000E\000\040\000I\000N\000T\000R\000O\000D\000U\000C\000T\000O\000R\000I\000A}{}% 3
\BOOKMARK [1][-]{section.1.1}{\376\377\000G\000E\000N\000E\000R\000A\000L\000I\000D\000A\000D\000E\000S}{chapter.1}% 4
\BOOKMARK [1][-]{section.1.2}{\376\377\000D\000E\000S\000C\000R\000I\000P\000C\000I\000\323\000N\000\040\000D\000E\000\040\000L\000A\000\040\000P\000R\000O\000B\000L\000E\000M\000\301\000T\000I\000C\000A}{chapter.1}% 5
\BOOKMARK [1][-]{section.1.3}{\376\377\000F\000O\000R\000M\000U\000L\000A\000C\000I\000\323\000N\000\040\000D\000E\000L\000\040\000P\000R\000O\000B\000L\000E\000M\000A\000\040\000G\000E\000N\000E\000R\000A\000L}{chapter.1}% 6
\BOOKMARK [2][-]{subsection.1.3.1}{\376\377\000F\000o\000r\000m\000u\000l\000a\000c\000i\000\363\000n\000\040\000d\000e\000\040\000l\000o\000s\000\040\000p\000r\000o\000b\000l\000e\000m\000a\000s\000\040\000e\000s\000p\000e\000c\000\355\000f\000i\000c\000o\000s}{section.1.3}% 7
\BOOKMARK [1][-]{section.1.4}{\376\377\000J\000U\000S\000T\000I\000F\000I\000C\000A\000C\000I\000\323\000N\000\040\000D\000E\000L\000\040\000P\000R\000O\000B\000L\000E\000M\000A}{chapter.1}% 8
\BOOKMARK [1][-]{section.1.5}{\376\377\000O\000B\000J\000E\000T\000I\000V\000O\000S\000\040\000D\000E\000L\000\040\000E\000S\000T\000U\000D\000I\000O}{chapter.1}% 9
\BOOKMARK [2][-]{subsection.1.5.1}{\376\377\000O\000b\000j\000e\000t\000i\000v\000o\000\040\000g\000e\000n\000e\000r\000a\000l}{section.1.5}% 10
\BOOKMARK [2][-]{subsection.1.5.2}{\376\377\000O\000b\000j\000e\000t\000i\000v\000o\000s\000\040\000e\000s\000p\000e\000c\000\355\000f\000i\000c\000o\000s}{section.1.5}% 11
\BOOKMARK [1][-]{section.1.6}{\376\377\000H\000I\000P\000\323\000T\000E\000S\000I\000S\000\040\000D\000E\000L\000\040\000E\000S\000T\000U\000D\000I\000O}{chapter.1}% 12
\BOOKMARK [2][-]{subsection.1.6.1}{\376\377\000H\000i\000p\000\363\000t\000e\000s\000i\000s\000\040\000g\000e\000n\000e\000r\000a\000l}{section.1.6}% 13
\BOOKMARK [2][-]{subsection.1.6.2}{\376\377\000H\000i\000p\000\363\000t\000e\000s\000i\000s\000\040\000e\000s\000p\000e\000c\000\355\000f\000i\000c\000a\000s}{section.1.6}% 14
\BOOKMARK [1][-]{section.1.7}{\376\377\000M\000E\000T\000O\000D\000O\000L\000O\000G\000\315\000A}{chapter.1}% 15
\BOOKMARK [2][-]{subsection.1.7.1}{\376\377\000T\000i\000p\000o\000\040\000y\000\040\000n\000i\000v\000e\000l\000\040\000d\000e\000\040\000i\000n\000v\000e\000s\000t\000i\000g\000a\000c\000i\000\363\000n}{section.1.7}% 16
\BOOKMARK [2][-]{subsection.1.7.2}{\376\377\000V\000a\000r\000i\000a\000b\000l\000e\000s\000\040\000d\000e\000\040\000e\000s\000t\000u\000d\000i\000o}{section.1.7}% 17
\BOOKMARK [2][-]{subsection.1.7.3}{\376\377\000T\000\351\000c\000n\000i\000c\000a\000s\000\040\000e\000\040\000i\000n\000s\000t\000r\000u\000m\000e\000n\000t\000o\000s\000\040\000d\000e\000\040\000r\000e\000c\000o\000l\000e\000c\000c\000i\000\363\000n\000\040\000d\000e\000\040\000d\000a\000t\000o\000s}{section.1.7}% 18
\BOOKMARK [2][-]{subsection.1.7.4}{\376\377\000P\000o\000b\000l\000a\000c\000i\000\363\000n\000\040\000y\000\040\000m\000u\000e\000s\000t\000r\000a}{section.1.7}% 19
\BOOKMARK [1][-]{section.1.8}{\376\377\000M\000A\000T\000R\000I\000Z\000\040\000D\000E\000\040\000C\000O\000N\000S\000I\000S\000T\000E\000N\000C\000I\000A}{chapter.1}% 20
\BOOKMARK [0][-]{chapter.2}{\376\377\000M\000A\000R\000C\000O\000\040\000T\000E\000\323\000R\000I\000C\000O\000\040\000Y\000\040\000R\000E\000F\000E\000R\000E\000N\000C\000I\000A\000L}{}% 21
\BOOKMARK [1][-]{section.2.1}{\376\377\000A\000N\000T\000E\000C\000E\000D\000E\000N\000T\000E\000S\000\040\000D\000E\000\040\000L\000A\000\040\000I\000N\000V\000E\000S\000T\000I\000G\000A\000C\000I\000\323\000N}{chapter.2}% 22
\BOOKMARK [1][-]{section.2.2}{\376\377\000B\000A\000S\000E\000S\000\040\000T\000E\000\323\000R\000I\000C\000A\000S}{chapter.2}% 23
\BOOKMARK [2][-]{subsection.2.2.1}{\376\377\000T\000e\000c\000n\000o\000l\000o\000g\000\355\000a\000s\000\040\000d\000e\000\040\000i\000n\000t\000e\000r\000f\000a\000z\000\040\000d\000e\000\040\000u\000s\000u\000a\000r\000i\000o\000\040\000y\000\040\000f\000r\000a\000m\000e\000w\000o\000r\000k\000s\000\040\000f\000r\000o\000n\000t\000-\000e\000n\000d}{section.2.2}% 24
\BOOKMARK [2][-]{subsection.2.2.2}{\376\377\000M\000o\000d\000e\000l\000o\000s\000\040\000y\000\040\000c\000r\000i\000t\000e\000r\000i\000o\000s\000\040\000d\000e\000\040\000e\000v\000a\000l\000u\000a\000c\000i\000\363\000n\000\040\000t\000e\000c\000n\000o\000l\000\363\000g\000i\000c\000a}{section.2.2}% 25
\BOOKMARK [2][-]{subsection.2.2.3}{\376\377\000R\000e\000g\000u\000l\000a\000c\000i\000o\000n\000e\000s\000\040\000y\000\040\000c\000u\000m\000p\000l\000i\000m\000i\000e\000n\000t\000o\000\040\000e\000n\000\040\000e\000l\000\040\000s\000e\000c\000t\000o\000r\000\040\000b\000a\000n\000c\000a\000r\000i\000o}{section.2.2}% 26
\BOOKMARK [2][-]{subsection.2.2.4}{\376\377\000P\000r\000o\000c\000e\000s\000o\000s\000\040\000d\000e\000c\000i\000s\000i\000o\000n\000a\000l\000e\000s\000\040\000y\000\040\000g\000o\000b\000e\000r\000n\000a\000n\000z\000a\000\040\000t\000e\000c\000n\000o\000l\000\363\000g\000i\000c\000a}{section.2.2}% 27
\BOOKMARK [2][-]{subsection.2.2.5}{\376\377\000T\000e\000o\000r\000\355\000a\000\040\000d\000e\000\040\000d\000e\000c\000i\000s\000i\000o\000n\000e\000s\000\040\000m\000u\000l\000t\000i\000c\000r\000i\000t\000e\000r\000i\000o}{section.2.2}% 28
\BOOKMARK [2][-]{subsection.2.2.6}{\376\377\000T\000e\000n\000d\000e\000n\000c\000i\000a\000s\000\040\000e\000m\000e\000r\000g\000e\000n\000t\000e\000s\000\040\000e\000\040\000I\000A\000\040\000g\000e\000n\000e\000r\000a\000t\000i\000v\000a}{section.2.2}% 29
\BOOKMARK [1][-]{section.2.3}{\376\377\000M\000A\000R\000C\000O\000\040\000C\000O\000N\000C\000E\000P\000T\000U\000A\000L}{chapter.2}% 30
\BOOKMARK [0][-]{chapter.3}{\376\377\000D\000I\000A\000G\000N\000\323\000S\000T\000I\000C\000O\000\040\000E\000S\000T\000R\000A\000T\000\311\000G\000I\000C\000O\000\040\000P\000R\000E\000L\000I\000M\000I\000N\000A\000R}{}% 31
\BOOKMARK [1][-]{section.3.1}{\376\377\000S\000I\000T\000U\000A\000C\000I\000\323\000N\000\040\000A\000C\000T\000U\000A\000L\000\040\000D\000E\000\040\000L\000A\000S\000\040\000I\000N\000S\000T\000I\000T\000U\000C\000I\000O\000N\000E\000S\000\040\000B\000A\000N\000C\000A\000R\000I\000A\000S}{chapter.3}% 32
\BOOKMARK [2][-]{subsection.3.1.1}{\376\377\000C\000a\000r\000a\000c\000t\000e\000r\000\355\000s\000t\000i\000c\000a\000s\000\040\000d\000i\000s\000t\000i\000n\000t\000i\000v\000a\000s\000\040\000d\000e\000l\000\040\000s\000e\000c\000t\000o\000r\000\040\000b\000a\000n\000c\000a\000r\000i\000o}{section.3.1}% 33
\BOOKMARK [2][-]{subsection.3.1.2}{\376\377\000A\000r\000q\000u\000i\000t\000e\000c\000t\000u\000r\000a\000\040\000t\000e\000c\000n\000o\000l\000\363\000g\000i\000c\000a\000\040\000b\000a\000n\000c\000a\000r\000i\000a}{section.3.1}% 34
\BOOKMARK [2][-]{subsection.3.1.3}{\376\377\000T\000e\000n\000d\000e\000n\000c\000i\000a\000s\000\040\000d\000e\000\040\000t\000r\000a\000n\000s\000f\000o\000r\000m\000a\000c\000i\000\363\000n\000\040\000d\000i\000g\000i\000t\000a\000l\000\040\000b\000a\000n\000c\000a\000r\000i\000a}{section.3.1}% 35
\BOOKMARK [1][-]{section.3.2}{\376\377\000D\000I\000A\000G\000N\000\323\000S\000T\000I\000C\000O\000\040\000P\000R\000E\000L\000I\000M\000I\000N\000A\000R\000\040\000D\000E\000L\000\040\000P\000R\000O\000C\000E\000S\000O\000\040\000D\000E\000\040\000S\000E\000L\000E\000C\000C\000I\000\323\000N\000\040\000T\000E\000C\000N\000O\000L\000\323\000G\000I\000C\000A}{chapter.3}% 36
\BOOKMARK [0][-]{chapter.4}{\376\377\000D\000E\000S\000A\000R\000R\000O\000L\000L\000O\000\040\000M\000E\000T\000O\000D\000O\000L\000\323\000G\000I\000C\000O\000\040\000P\000R\000O\000P\000U\000E\000S\000T\000O}{}% 37
\BOOKMARK [1][-]{section.4.1}{\376\377\000C\000R\000I\000T\000E\000R\000I\000O\000S\000\040\000D\000E\000\040\000E\000V\000A\000L\000U\000A\000C\000I\000\323\000N\000\040\000Y\000\040\000S\000E\000L\000E\000C\000C\000I\000\323\000N\000\040\000T\000E\000C\000N\000O\000L\000\323\000G\000I\000C\000A}{chapter.4}% 38
\BOOKMARK [1][-]{section.4.2}{\376\377\000P\000R\000O\000C\000E\000S\000O\000\040\000E\000S\000T\000R\000U\000C\000T\000U\000R\000A\000D\000O\000\040\000D\000E\000\040\000T\000O\000M\000A\000\040\000D\000E\000\040\000D\000E\000C\000I\000S\000I\000O\000N\000E\000S}{chapter.4}% 39
\BOOKMARK [1][-]{section.4.3}{\376\377\000A\000P\000L\000I\000C\000A\000C\000I\000\323\000N\000\040\000Y\000\040\000V\000A\000L\000I\000D\000A\000C\000I\000\323\000N\000:\000\040\000C\000A\000S\000O\000\040\000D\000E\000\040\000E\000S\000T\000U\000D\000I\000O}{chapter.4}% 40
\BOOKMARK [1][-]{section.4.4}{\376\377\000E\000T\000A\000P\000A\000S\000\040\000D\000E\000L\000\040\000D\000E\000S\000A\000R\000R\000O\000L\000L\000O\000\040\000M\000E\000T\000O\000D\000O\000L\000\323\000G\000I\000C\000O\000\040\000P\000R\000O\000P\000U\000E\000S\000T\000O}{chapter.4}% 41
\BOOKMARK [0][-]{chapter*.8}{\376\377\000C\000O\000N\000C\000L\000U\000S\000I\000O\000N\000E\000S\000\040\000P\000R\000E\000L\000I\000M\000I\000N\000A\000R\000E\000S}{}% 42
\BOOKMARK [0][-]{chapter*.9}{\376\377\000R\000E\000F\000E\000R\000E\000N\000C\000I\000A\000S\000\040\000B\000I\000B\000L\000I\000O\000G\000R\000\301\000F\000I\000C\000A\000S}{}% 43
